2026-03-26 23:59:07 [INFO] --- DÉMARRAGE NTL SYSTOOLBOX ---
2026-03-26 23:59:08 [INFO] Interface UI initialisée.
2026-03-26 23:59:14 [INFO] Interruption manuelle (Ctrl+C).
2026-03-27 00:01:51 [INFO] --- DÉMARRAGE NTL SYSTOOLBOX ---
2026-03-27 00:01:51 [INFO] Affichage du loading_screen...
2026-03-27 00:01:52 [INFO] loading_screen terminé avec succès.
2026-03-27 00:01:52 [INFO] Interface UI initialisée.
2026-03-27 00:06:35 [INFO] Interruption manuelle (Ctrl+C).
2026-03-27 00:06:37 [INFO] --- DÉMARRAGE NTL SYSTOOLBOX ---
2026-03-27 00:06:37 [INFO] Affichage du loading_screen...
2026-03-27 00:06:38 [INFO] loading_screen terminé avec succès.
2026-03-27 00:06:38 [INFO] Interface UI initialisée.
2026-03-27 00:06:38 [INFO] Ouverture du module de configuration des accès.
2026-03-27 00:07:18 [INFO] Configuration chargée avec succès depuis C:\Users\boula\Downloads\FastPASS.txt
2026-03-27 00:07:19 [INFO] Utilisateur authentifié. Accès Home.
2026-03-27 00:09:14 [INFO] Interruption manuelle (Ctrl+C).
2026-03-27 00:09:17 [INFO] --- DÉMARRAGE NTL SYSTOOLBOX ---
2026-03-27 00:09:17 [INFO] Affichage du loading_screen...
2026-03-27 00:09:18 [INFO] loading_screen terminé avec succès.
2026-03-27 00:09:18 [INFO] Interface UI initialisée.
2026-03-27 00:09:18 [INFO] Ouverture du module de configuration des accès.
2026-03-27 00:09:23 [ERROR] Saisie incomplète : l'hôte NTL est vide.
2026-03-27 00:09:23 [WARNING] Sortie : Authentification échouée ou annulée (Code: 1)
2026-03-27 00:10:06 [INFO] --- DÉMARRAGE NTL SYSTOOLBOX ---
2026-03-27 00:10:06 [INFO] Affichage du loading_screen...
2026-03-27 00:10:07 [INFO] loading_screen terminé avec succès.
2026-03-27 00:10:07 [INFO] Interface UI initialisée.
2026-03-27 00:10:07 [INFO] Ouverture du module de configuration des accès.
2026-03-27 00:10:19 [INFO] Configuration chargée avec succès depuis C:\Users\boula\Downloads\FastPASS.txt
2026-03-27 00:10:20 [INFO] Utilisateur authentifié. Accès Home.
2026-03-27 00:10:20 [INFO] Affichage du menu principal.
2026-03-27 00:10:24 [INFO] Lancement Module Diagnostic
2026-03-27 00:11:10 [INFO] Interruption manuelle (Ctrl+C).
2026-03-27 00:13:41 [INFO] --- DÉMARRAGE NTL SYSTOOLBOX ---
2026-03-27 00:13:41 [INFO] Affichage du loading_screen...
2026-03-27 00:13:42 [INFO] loading_screen terminé avec succès.
2026-03-27 00:13:42 [INFO] Interface UI initialisée.
2026-03-27 00:13:42 [INFO] Ouverture du module de configuration des accès.
2026-03-27 00:14:02 [INFO] Configuration chargée avec succès depuis C:\Users\boula\Downloads\FastPASS.txt
2026-03-27 00:14:03 [INFO] Utilisateur authentifié. Accès Home.
2026-03-27 00:14:03 [INFO] Affichage du menu principal.
2026-03-27 00:14:06 [INFO] Lancement Module Diagnostic
2026-03-27 00:14:06 [INFO] Entrée dans le module Diagnostic.
2026-03-27 00:14:56 [INFO] Interruption manuelle (Ctrl+C).
2026-03-27 00:18:12 [INFO] --- DÉMARRAGE NTL SYSTOOLBOX ---
2026-03-27 00:18:12 [INFO] Affichage du loading_screen...
2026-03-27 00:18:13 [INFO] loading_screen terminé avec succès.
2026-03-27 00:18:13 [INFO] Interface UI initialisée.
2026-03-27 00:18:13 [INFO] Ouverture du module de configuration des accès.
2026-03-27 00:18:38 [INFO] Configuration chargée avec succès depuis C:\Users\boula\Downloads\FastPASS.txt
2026-03-27 00:18:39 [INFO] Utilisateur authentifié. Accès Home.
2026-03-27 00:18:39 [INFO] Affichage du menu principal.
2026-03-27 00:18:40 [INFO] Lancement Module Diagnostic
2026-03-27 00:18:40 [INFO] Entrée dans le module Diagnostic.
2026-03-27 00:18:43 [ERROR] Erreur SQL (get_db_data) : Can't connect to MySQL server on '192.168.1.138:3306' (10060) (Code: 2003)
2026-03-27 00:18:45 [WARNING] Santé NTL : ÉCHEC - 2003 (HY000): Can't connect to MySQL server on '19
2026-03-27 00:18:47 [WARNING] Santé Entreprise : ÉCHEC - 2003 (HY000): Can't connect to MySQL server on '19
2026-03-27 00:18:50 [ERROR] Erreur SQL (get_db_data) : Can't connect to MySQL server on '192.168.1.138:3306' (10060) (Code: 2003)
2026-03-27 00:18:52 [WARNING] Santé NTL : ÉCHEC - 2003 (HY000): Can't connect to MySQL server on '19
2026-03-27 00:18:54 [WARNING] Santé Entreprise : ÉCHEC - 2003 (HY000): Can't connect to MySQL server on '19
2026-03-27 00:18:57 [ERROR] Erreur SQL (get_db_data) : Can't connect to MySQL server on '192.168.1.138:3306' (10060) (Code: 2003)
2026-03-27 00:18:59 [WARNING] Santé NTL : ÉCHEC - 2003 (HY000): Can't connect to MySQL server on '19
2026-03-27 00:19:01 [WARNING] Santé Entreprise : ÉCHEC - 2003 (HY000): Can't connect to MySQL server on '19
2026-03-27 00:19:05 [ERROR] Erreur SQL (get_db_data) : Can't connect to MySQL server on '192.168.1.138:3306' (10060) (Code: 2003)
2026-03-27 00:19:07 [WARNING] Santé NTL : ÉCHEC - 2003 (HY000): Can't connect to MySQL server on '19
2026-03-27 00:19:09 [WARNING] Santé Entreprise : ÉCHEC - 2003 (HY000): Can't connect to MySQL server on '19
2026-03-27 00:19:12 [ERROR] Erreur SQL (get_db_data) : Can't connect to MySQL server on '192.168.1.138:3306' (10060) (Code: 2003)
2026-03-27 00:19:14 [WARNING] Santé NTL : ÉCHEC - 2003 (HY000): Can't connect to MySQL server on '19
2026-03-27 00:19:16 [WARNING] Santé Entreprise : ÉCHEC - 2003 (HY000): Can't connect to MySQL server on '19
2026-03-27 00:19:19 [ERROR] Erreur SQL (get_db_data) : Can't connect to MySQL server on '192.168.1.138:3306' (10060) (Code: 2003)
2026-03-27 00:19:21 [WARNING] Santé NTL : ÉCHEC - 2003 (HY000): Can't connect to MySQL server on '19
2026-03-27 00:19:23 [WARNING] Santé Entreprise : ÉCHEC - 2003 (HY000): Can't connect to MySQL server on '19
2026-03-27 00:19:26 [ERROR] Erreur SQL (get_db_data) : Can't connect to MySQL server on '192.168.1.138:3306' (10060) (Code: 2003)
2026-03-27 00:19:28 [WARNING] Santé NTL : ÉCHEC - 2003 (HY000): Can't connect to MySQL server on '19
2026-03-27 00:19:30 [WARNING] Santé Entreprise : ÉCHEC - 2003 (HY000): Can't connect to MySQL server on '19
2026-03-27 00:19:33 [ERROR] Erreur SQL (get_db_data) : Can't connect to MySQL server on '192.168.1.138:3306' (10060) (Code: 2003)
2026-03-27 00:19:35 [WARNING] Santé NTL : ÉCHEC - 2003 (HY000): Can't connect to MySQL server on '19
2026-03-27 00:19:37 [WARNING] Santé Entreprise : ÉCHEC - 2003 (HY000): Can't connect to MySQL server on '19
2026-03-27 00:19:40 [ERROR] Erreur SQL (get_db_data) : Can't connect to MySQL server on '192.168.1.138:3306' (10060) (Code: 2003)
2026-03-27 00:19:42 [WARNING] Santé NTL : ÉCHEC - 2003 (HY000): Can't connect to MySQL server on '19
2026-03-27 00:19:44 [WARNING] Santé Entreprise : ÉCHEC - 2003 (HY000): Can't connect to MySQL server on '19
2026-03-27 00:19:47 [ERROR] Erreur SQL (get_db_data) : Can't connect to MySQL server on '192.168.1.138:3306' (10060) (Code: 2003)
2026-03-27 00:19:49 [WARNING] Santé NTL : ÉCHEC - 2003 (HY000): Can't connect to MySQL server on '19
2026-03-27 00:19:51 [WARNING] Santé Entreprise : ÉCHEC - 2003 (HY000): Can't connect to MySQL server on '19
2026-03-27 00:19:54 [ERROR] Erreur SQL (get_db_data) : Can't connect to MySQL server on '192.168.1.138:3306' (10060) (Code: 2003)
2026-03-27 00:19:56 [WARNING] Santé NTL : ÉCHEC - 2003 (HY000): Can't connect to MySQL server on '19
2026-03-27 00:19:58 [WARNING] Santé Entreprise : ÉCHEC - 2003 (HY000): Can't connect to MySQL server on '19
2026-03-27 00:20:01 [ERROR] Erreur SQL (get_db_data) : Can't connect to MySQL server on '192.168.1.138:3306' (10060) (Code: 2003)
2026-03-27 00:20:03 [WARNING] Santé NTL : ÉCHEC - 2003 (HY000): Can't connect to MySQL server on '19
2026-03-27 00:20:05 [WARNING] Santé Entreprise : ÉCHEC - 2003 (HY000): Can't connect to MySQL server on '19
2026-03-27 00:20:08 [ERROR] Erreur SQL (get_db_data) : Can't connect to MySQL server on '192.168.1.138:3306' (10060) (Code: 2003)
2026-03-27 00:20:10 [WARNING] Santé NTL : ÉCHEC - 2003 (HY000): Can't connect to MySQL server on '19
2026-03-27 00:20:12 [WARNING] Santé Entreprise : ÉCHEC - 2003 (HY000): Can't connect to MySQL server on '19
2026-03-27 00:20:15 [ERROR] Erreur SQL (get_db_data) : Can't connect to MySQL server on '192.168.1.138:3306' (10060) (Code: 2003)
2026-03-27 00:20:17 [INFO] Interruption manuelle (Ctrl+C).
2026-03-27 00:20:24 [INFO] --- DÉMARRAGE NTL SYSTOOLBOX ---
2026-03-27 00:20:24 [INFO] Affichage du loading_screen...
2026-03-27 00:20:25 [INFO] loading_screen terminé avec succès.
2026-03-27 00:20:25 [INFO] Interface UI initialisée.
2026-03-27 00:20:25 [INFO] Ouverture du module de configuration des accès.
2026-03-27 00:21:46 [INFO] Configuration manuelle terminée avec succès.
2026-03-27 00:21:46 [INFO] Utilisateur authentifié. Accès Home.
2026-03-27 00:21:46 [INFO] Affichage du menu principal.
2026-03-27 00:22:03 [INFO] Lancement Module Diagnostic
2026-03-27 00:22:03 [INFO] Entrée dans le module Diagnostic.
2026-03-27 00:22:03 [INFO] Récupération de 14 équipements depuis la base NTL.
2026-03-27 00:22:03 [WARNING] Santé Entreprise : ÉCHEC - 1045 (28000): Accès refusé pour l'utilisateur: 'OD
2026-03-27 00:22:03 [INFO] Données des services AD/DNS récupérées.
2026-03-27 00:22:08 [INFO] Récupération de 14 équipements depuis la base NTL.
2026-03-27 00:22:08 [WARNING] Santé Entreprise : ÉCHEC - 1045 (28000): Accès refusé pour l'utilisateur: 'OD
2026-03-27 00:22:08 [INFO] Données des services AD/DNS récupérées.
2026-03-27 00:22:13 [INFO] Récupération de 14 équipements depuis la base NTL.
2026-03-27 00:22:13 [WARNING] Santé Entreprise : ÉCHEC - 1045 (28000): Accès refusé pour l'utilisateur: 'OD
2026-03-27 00:22:13 [INFO] Données des services AD/DNS récupérées.
2026-03-27 00:22:18 [INFO] Récupération de 14 équipements depuis la base NTL.
2026-03-27 00:22:18 [WARNING] Santé Entreprise : ÉCHEC - 1045 (28000): Accès refusé pour l'utilisateur: 'OD
2026-03-27 00:22:18 [INFO] Données des services AD/DNS récupérées.
2026-03-27 00:22:23 [INFO] Récupération de 14 équipements depuis la base NTL.
2026-03-27 00:22:23 [WARNING] Santé Entreprise : ÉCHEC - 1045 (28000): Accès refusé pour l'utilisateur: 'OD
2026-03-27 00:22:23 [INFO] Données des services AD/DNS récupérées.
2026-03-27 00:22:28 [INFO] Récupération de 14 équipements depuis la base NTL.
2026-03-27 00:22:28 [WARNING] Santé Entreprise : ÉCHEC - 1045 (28000): Accès refusé pour l'utilisateur: 'OD
2026-03-27 00:22:28 [INFO] Données des services AD/DNS récupérées.
2026-03-27 00:22:33 [INFO] Export réussi : exports/diag_gen_20260327_002233.json
2026-03-27 00:22:33 [INFO] Récupération de 14 équipements depuis la base NTL.
2026-03-27 00:22:33 [WARNING] Santé Entreprise : ÉCHEC - 1045 (28000): Accès refusé pour l'utilisateur: 'OD
2026-03-27 00:22:33 [INFO] Données des services AD/DNS récupérées.
2026-03-27 00:22:38 [INFO] Récupération de 14 équipements depuis la base NTL.
2026-03-27 00:22:38 [WARNING] Santé Entreprise : ÉCHEC - 1045 (28000): Accès refusé pour l'utilisateur: 'OD
2026-03-27 00:22:38 [INFO] Données des services AD/DNS récupérées.
2026-03-27 00:22:43 [INFO] Récupération de 14 équipements depuis la base NTL.
2026-03-27 00:22:43 [WARNING] Santé Entreprise : ÉCHEC - 1045 (28000): Accès refusé pour l'utilisateur: 'OD
2026-03-27 00:22:43 [INFO] Données des services AD/DNS récupérées.
2026-03-27 00:22:48 [INFO] Récupération de 14 équipements depuis la base NTL.
2026-03-27 00:22:48 [WARNING] Santé Entreprise : ÉCHEC - 1045 (28000): Accès refusé pour l'utilisateur: 'OD
2026-03-27 00:22:48 [INFO] Données des services AD/DNS récupérées.
2026-03-27 00:22:53 [INFO] Récupération de 14 équipements depuis la base NTL.
2026-03-27 00:22:53 [WARNING] Santé Entreprise : ÉCHEC - 1045 (28000): Accès refusé pour l'utilisateur: 'OD
2026-03-27 00:22:53 [INFO] Données des services AD/DNS récupérées.
2026-03-27 00:22:58 [INFO] Récupération de 14 équipements depuis la base NTL.
2026-03-27 00:22:58 [WARNING] Santé Entreprise : ÉCHEC - 1045 (28000): Accès refusé pour l'utilisateur: 'OD
2026-03-27 00:22:58 [INFO] Données des services AD/DNS récupérées.
2026-03-27 00:23:03 [INFO] Récupération de 14 équipements depuis la base NTL.
2026-03-27 00:23:03 [WARNING] Santé Entreprise : ÉCHEC - 1045 (28000): Accès refusé pour l'utilisateur: 'OD
2026-03-27 00:23:03 [INFO] Données des services AD/DNS récupérées.
2026-03-27 00:23:08 [INFO] Récupération de 14 équipements depuis la base NTL.
2026-03-27 00:23:08 [WARNING] Santé Entreprise : ÉCHEC - 1045 (28000): Accès refusé pour l'utilisateur: 'OD
2026-03-27 00:23:08 [INFO] Données des services AD/DNS récupérées.
2026-03-27 00:23:13 [INFO] Récupération de 14 équipements depuis la base NTL.
2026-03-27 00:23:13 [WARNING] Santé Entreprise : ÉCHEC - 1045 (28000): Accès refusé pour l'utilisateur: 'OD
2026-03-27 00:23:13 [INFO] Données des services AD/DNS récupérées.
2026-03-27 00:23:18 [INFO] Récupération de 14 équipements depuis la base NTL.
2026-03-27 00:23:18 [WARNING] Santé Entreprise : ÉCHEC - 1045 (28000): Accès refusé pour l'utilisateur: 'OD
2026-03-27 00:23:18 [INFO] Données des services AD/DNS récupérées.
2026-03-27 00:23:23 [INFO] Récupération de 14 équipements depuis la base NTL.
2026-03-27 00:23:23 [WARNING] Santé Entreprise : ÉCHEC - 1045 (28000): Accès refusé pour l'utilisateur: 'OD
2026-03-27 00:23:23 [INFO] Données des services AD/DNS récupérées.
2026-03-27 00:23:28 [INFO] Récupération de 14 équipements depuis la base NTL.
2026-03-27 00:23:28 [WARNING] Santé Entreprise : ÉCHEC - 1045 (28000): Accès refusé pour l'utilisateur: 'OD
2026-03-27 00:23:28 [INFO] Données des services AD/DNS récupérées.
2026-03-27 00:23:33 [INFO] Récupération de 14 équipements depuis la base NTL.
2026-03-27 00:23:33 [WARNING] Santé Entreprise : ÉCHEC - 1045 (28000): Accès refusé pour l'utilisateur: 'OD
2026-03-27 00:23:33 [INFO] Données des services AD/DNS récupérées.
2026-03-27 00:23:38 [INFO] Récupération de 14 équipements depuis la base NTL.
2026-03-27 00:23:38 [WARNING] Santé Entreprise : ÉCHEC - 1045 (28000): Accès refusé pour l'utilisateur: 'OD
2026-03-27 00:23:38 [INFO] Données des services AD/DNS récupérées.
2026-03-27 00:23:43 [INFO] Récupération de 14 équipements depuis la base NTL.
2026-03-27 00:23:43 [WARNING] Santé Entreprise : ÉCHEC - 1045 (28000): Accès refusé pour l'utilisateur: 'OD
2026-03-27 00:23:43 [INFO] Données des services AD/DNS récupérées.
2026-03-27 00:23:48 [INFO] Récupération de 14 équipements depuis la base NTL.
2026-03-27 00:23:48 [WARNING] Santé Entreprise : ÉCHEC - 1045 (28000): Accès refusé pour l'utilisateur: 'OD
2026-03-27 00:23:48 [INFO] Données des services AD/DNS récupérées.
2026-03-27 00:23:53 [INFO] Récupération de 14 équipements depuis la base NTL.
2026-03-27 00:23:53 [WARNING] Santé Entreprise : ÉCHEC - 1045 (28000): Accès refusé pour l'utilisateur: 'OD
2026-03-27 00:23:53 [INFO] Données des services AD/DNS récupérées.
2026-03-27 00:23:58 [INFO] Récupération de 14 équipements depuis la base NTL.
2026-03-27 00:23:58 [WARNING] Santé Entreprise : ÉCHEC - 1045 (28000): Accès refusé pour l'utilisateur: 'OD
2026-03-27 00:23:59 [INFO] Données des services AD/DNS récupérées.
2026-03-27 00:24:03 [INFO] Récupération de 14 équipements depuis la base NTL.
2026-03-27 00:24:04 [WARNING] Santé Entreprise : ÉCHEC - 1045 (28000): Accès refusé pour l'utilisateur: 'OD
2026-03-27 00:24:04 [INFO] Données des services AD/DNS récupérées.
2026-03-27 00:24:08 [INFO] Récupération de 14 équipements depuis la base NTL.
2026-03-27 00:24:09 [WARNING] Santé Entreprise : ÉCHEC - 1045 (28000): Accès refusé pour l'utilisateur: 'OD
2026-03-27 00:24:09 [INFO] Données des services AD/DNS récupérées.
2026-03-27 00:24:14 [INFO] Récupération de 14 équipements depuis la base NTL.
2026-03-27 00:24:14 [WARNING] Santé Entreprise : ÉCHEC - 1045 (28000): Accès refusé pour l'utilisateur: 'OD
2026-03-27 00:24:14 [INFO] Données des services AD/DNS récupérées.
2026-03-27 00:24:19 [INFO] Récupération de 14 équipements depuis la base NTL.
2026-03-27 00:24:19 [WARNING] Santé Entreprise : ÉCHEC - 1045 (28000): Accès refusé pour l'utilisateur: 'OD
2026-03-27 00:24:19 [INFO] Données des services AD/DNS récupérées.
2026-03-27 00:24:24 [INFO] Récupération de 14 équipements depuis la base NTL.
2026-03-27 00:24:24 [WARNING] Santé Entreprise : ÉCHEC - 1045 (28000): Accès refusé pour l'utilisateur: 'OD
2026-03-27 00:24:24 [INFO] Données des services AD/DNS récupérées.
2026-03-27 00:24:29 [INFO] Récupération de 14 équipements depuis la base NTL.
2026-03-27 00:24:29 [WARNING] Santé Entreprise : ÉCHEC - 1045 (28000): Accès refusé pour l'utilisateur: 'OD
2026-03-27 00:24:29 [INFO] Données des services AD/DNS récupérées.
2026-03-27 00:24:34 [INFO] Récupération de 14 équipements depuis la base NTL.
2026-03-27 00:24:34 [WARNING] Santé Entreprise : ÉCHEC - 1045 (28000): Accès refusé pour l'utilisateur: 'OD
2026-03-27 00:24:34 [INFO] Données des services AD/DNS récupérées.
2026-03-27 00:24:39 [INFO] Récupération de 14 équipements depuis la base NTL.
2026-03-27 00:24:39 [WARNING] Santé Entreprise : ÉCHEC - 1045 (28000): Accès refusé pour l'utilisateur: 'OD
2026-03-27 00:24:39 [INFO] Données des services AD/DNS récupérées.
2026-03-27 00:24:44 [INFO] Récupération de 14 équipements depuis la base NTL.
2026-03-27 00:24:44 [WARNING] Santé Entreprise : ÉCHEC - 1045 (28000): Accès refusé pour l'utilisateur: 'OD
2026-03-27 00:24:44 [INFO] Données des services AD/DNS récupérées.
2026-03-27 00:24:49 [INFO] Récupération de 14 équipements depuis la base NTL.
2026-03-27 00:24:49 [WARNING] Santé Entreprise : ÉCHEC - 1045 (28000): Accès refusé pour l'utilisateur: 'OD
2026-03-27 00:24:49 [INFO] Données des services AD/DNS récupérées.
2026-03-27 00:24:54 [INFO] Récupération de 14 équipements depuis la base NTL.
2026-03-27 00:24:54 [WARNING] Santé Entreprise : ÉCHEC - 1045 (28000): Accès refusé pour l'utilisateur: 'OD
2026-03-27 00:24:54 [INFO] Données des services AD/DNS récupérées.
2026-03-27 00:24:59 [INFO] Récupération de 14 équipements depuis la base NTL.
2026-03-27 00:24:59 [WARNING] Santé Entreprise : ÉCHEC - 1045 (28000): Accès refusé pour l'utilisateur: 'OD
2026-03-27 00:24:59 [INFO] Données des services AD/DNS récupérées.
2026-03-27 00:25:04 [INFO] Récupération de 14 équipements depuis la base NTL.
2026-03-27 00:25:04 [WARNING] Santé Entreprise : ÉCHEC - 1045 (28000): Accès refusé pour l'utilisateur: 'OD
2026-03-27 00:25:04 [INFO] Données des services AD/DNS récupérées.
2026-03-27 00:25:09 [INFO] Récupération de 14 équipements depuis la base NTL.
2026-03-27 00:25:09 [WARNING] Santé Entreprise : ÉCHEC - 1045 (28000): Accès refusé pour l'utilisateur: 'OD
2026-03-27 00:25:09 [INFO] Données des services AD/DNS récupérées.
2026-03-27 00:25:14 [INFO] Récupération de 14 équipements depuis la base NTL.
2026-03-27 00:25:14 [WARNING] Santé Entreprise : ÉCHEC - 1045 (28000): Accès refusé pour l'utilisateur: 'OD
2026-03-27 00:25:14 [INFO] Données des services AD/DNS récupérées.
2026-03-27 00:25:19 [INFO] Récupération de 14 équipements depuis la base NTL.
2026-03-27 00:25:19 [WARNING] Santé Entreprise : ÉCHEC - 1045 (28000): Accès refusé pour l'utilisateur: 'OD
2026-03-27 00:25:19 [INFO] Données des services AD/DNS récupérées.
2026-03-27 00:25:24 [INFO] Récupération de 14 équipements depuis la base NTL.
2026-03-27 00:25:24 [WARNING] Santé Entreprise : ÉCHEC - 1045 (28000): Accès refusé pour l'utilisateur: 'OD
2026-03-27 00:25:24 [INFO] Données des services AD/DNS récupérées.
2026-03-27 00:25:29 [INFO] Récupération de 14 équipements depuis la base NTL.
2026-03-27 00:25:29 [WARNING] Santé Entreprise : ÉCHEC - 1045 (28000): Accès refusé pour l'utilisateur: 'OD
2026-03-27 00:25:29 [INFO] Données des services AD/DNS récupérées.
2026-03-27 00:25:34 [INFO] Récupération de 14 équipements depuis la base NTL.
2026-03-27 00:25:34 [WARNING] Santé Entreprise : ÉCHEC - 1045 (28000): Accès refusé pour l'utilisateur: 'OD
2026-03-27 00:25:34 [INFO] Données des services AD/DNS récupérées.
2026-03-27 00:25:39 [INFO] Récupération de 14 équipements depuis la base NTL.
2026-03-27 00:25:39 [WARNING] Santé Entreprise : ÉCHEC - 1045 (28000): Accès refusé pour l'utilisateur: 'OD
2026-03-27 00:25:39 [INFO] Données des services AD/DNS récupérées.
2026-03-27 00:25:41 [INFO] Interruption manuelle (Ctrl+C).
2026-03-27 00:25:43 [INFO] --- DÉMARRAGE NTL SYSTOOLBOX ---
2026-03-27 00:25:43 [INFO] Affichage du loading_screen...
2026-03-27 00:25:44 [INFO] loading_screen terminé avec succès.
2026-03-27 00:25:44 [INFO] Interface UI initialisée.
2026-03-27 00:25:44 [INFO] Ouverture du module de configuration des accès.
2026-03-27 00:26:10 [INFO] Configuration manuelle terminée avec succès.
2026-03-27 00:26:10 [INFO] Utilisateur authentifié. Accès Home.
2026-03-27 00:26:10 [INFO] Affichage du menu principal.
2026-03-27 00:26:12 [INFO] Lancement Module Diagnostic
2026-03-27 00:26:12 [INFO] Entrée dans le module Diagnostic.
2026-03-27 00:26:12 [INFO] Récupération de 14 équipements depuis la base NTL.
2026-03-27 00:26:12 [INFO] Données des services AD/DNS récupérées.
2026-03-27 00:26:17 [INFO] Récupération de 14 équipements depuis la base NTL.
2026-03-27 00:26:17 [INFO] Données des services AD/DNS récupérées.
2026-03-27 00:26:22 [INFO] Récupération de 14 équipements depuis la base NTL.
2026-03-27 00:26:22 [INFO] Données des services AD/DNS récupérées.
2026-03-27 00:26:27 [INFO] Récupération de 14 équipements depuis la base NTL.
2026-03-27 00:26:27 [INFO] Données des services AD/DNS récupérées.
2026-03-27 00:26:32 [INFO] Récupération de 14 équipements depuis la base NTL.
2026-03-27 00:26:32 [INFO] Données des services AD/DNS récupérées.
2026-03-27 00:26:37 [INFO] Récupération de 14 équipements depuis la base NTL.
2026-03-27 00:26:37 [INFO] Données des services AD/DNS récupérées.
2026-03-27 00:26:42 [INFO] Récupération de 14 équipements depuis la base NTL.
2026-03-27 00:26:42 [INFO] Données des services AD/DNS récupérées.
2026-03-27 00:26:47 [INFO] Récupération de 14 équipements depuis la base NTL.
2026-03-27 00:26:47 [INFO] Données des services AD/DNS récupérées.
2026-03-27 00:26:52 [INFO] Récupération de 14 équipements depuis la base NTL.
2026-03-27 00:26:52 [INFO] Données des services AD/DNS récupérées.
2026-03-27 00:26:57 [INFO] Récupération de 14 équipements depuis la base NTL.
2026-03-27 00:26:57 [INFO] Données des services AD/DNS récupérées.
2026-03-27 00:27:02 [INFO] Récupération de 14 équipements depuis la base NTL.
2026-03-27 00:27:02 [INFO] Données des services AD/DNS récupérées.
2026-03-27 00:27:07 [INFO] Récupération de 14 équipements depuis la base NTL.
2026-03-27 00:27:07 [INFO] Données des services AD/DNS récupérées.
2026-03-27 00:27:12 [INFO] Récupération de 14 équipements depuis la base NTL.
2026-03-27 00:27:12 [INFO] Données des services AD/DNS récupérées.
2026-03-27 00:27:17 [INFO] Récupération de 14 équipements depuis la base NTL.
2026-03-27 00:27:17 [INFO] Données des services AD/DNS récupérées.
2026-03-27 00:27:22 [INFO] Récupération de 14 équipements depuis la base NTL.
2026-03-27 00:27:22 [INFO] Données des services AD/DNS récupérées.
2026-03-27 00:27:27 [INFO] Récupération de 14 équipements depuis la base NTL.
2026-03-27 00:27:27 [INFO] Données des services AD/DNS récupérées.
2026-03-27 00:27:32 [INFO] Récupération de 14 équipements depuis la base NTL.
2026-03-27 00:27:32 [INFO] Données des services AD/DNS récupérées.
2026-03-27 00:27:37 [INFO] Récupération de 14 équipements depuis la base NTL.
2026-03-27 00:27:37 [INFO] Données des services AD/DNS récupérées.
2026-03-27 00:27:42 [INFO] Récupération de 14 équipements depuis la base NTL.
2026-03-27 00:27:42 [INFO] Données des services AD/DNS récupérées.
2026-03-27 00:27:47 [INFO] Récupération de 14 équipements depuis la base NTL.
2026-03-27 00:27:47 [INFO] Données des services AD/DNS récupérées.
2026-03-27 00:27:52 [INFO] Récupération de 14 équipements depuis la base NTL.
2026-03-27 00:27:52 [INFO] Données des services AD/DNS récupérées.
2026-03-27 00:27:57 [INFO] Récupération de 14 équipements depuis la base NTL.
2026-03-27 00:27:57 [INFO] Données des services AD/DNS récupérées.
2026-03-27 00:28:02 [INFO] Récupération de 14 équipements depuis la base NTL.
2026-03-27 00:28:02 [INFO] Données des services AD/DNS récupérées.
2026-03-27 00:28:07 [INFO] Récupération de 14 équipements depuis la base NTL.
2026-03-27 00:28:07 [INFO] Données des services AD/DNS récupérées.
2026-03-27 00:28:12 [INFO] Récupération de 14 équipements depuis la base NTL.
2026-03-27 00:28:12 [INFO] Données des services AD/DNS récupérées.
2026-03-27 00:28:17 [INFO] Récupération de 14 équipements depuis la base NTL.
2026-03-27 00:28:17 [INFO] Données des services AD/DNS récupérées.
2026-03-27 00:28:22 [INFO] Récupération de 14 équipements depuis la base NTL.
2026-03-27 00:28:22 [INFO] Données des services AD/DNS récupérées.
2026-03-27 00:28:27 [INFO] Récupération de 14 équipements depuis la base NTL.
2026-03-27 00:28:27 [INFO] Données des services AD/DNS récupérées.
2026-03-27 00:28:32 [INFO] Récupération de 14 équipements depuis la base NTL.
2026-03-27 00:28:32 [INFO] Données des services AD/DNS récupérées.
2026-03-27 00:28:37 [INFO] Récupération de 14 équipements depuis la base NTL.
2026-03-27 00:28:37 [INFO] Données des services AD/DNS récupérées.
2026-03-27 00:28:42 [INFO] Récupération de 14 équipements depuis la base NTL.
2026-03-27 00:28:43 [INFO] Données des services AD/DNS récupérées.
2026-03-27 00:28:47 [INFO] Récupération de 14 équipements depuis la base NTL.
2026-03-27 00:28:48 [INFO] Données des services AD/DNS récupérées.
2026-03-27 00:28:52 [INFO] Récupération de 14 équipements depuis la base NTL.
2026-03-27 00:28:53 [INFO] Données des services AD/DNS récupérées.
2026-03-27 00:28:56 [INFO] Interruption manuelle (Ctrl+C).
2026-03-27 00:28:58 [INFO] --- DÉMARRAGE NTL SYSTOOLBOX ---
2026-03-27 00:28:58 [INFO] Affichage du loading_screen...
2026-03-27 00:28:59 [INFO] loading_screen terminé avec succès.
2026-03-27 00:28:59 [INFO] Interface UI initialisée.
2026-03-27 00:28:59 [INFO] Ouverture du module de configuration des accès.
2026-03-27 00:29:32 [INFO] Configuration manuelle terminée avec succès.
2026-03-27 00:29:32 [INFO] Utilisateur authentifié. Accès Home.
2026-03-27 00:29:32 [INFO] Affichage du menu principal.
2026-03-27 00:29:33 [INFO] Lancement Module Diagnostic
2026-03-27 00:29:33 [INFO] Entrée dans le module Diagnostic.
2026-03-27 00:29:33 [INFO] Récupération de 14 équipements depuis la base NTL.
2026-03-27 00:29:33 [INFO] Données des services AD/DNS récupérées.
2026-03-27 00:29:38 [INFO] Récupération de 14 équipements depuis la base NTL.
2026-03-27 00:29:38 [INFO] Données des services AD/DNS récupérées.
2026-03-27 00:29:43 [INFO] Récupération de 14 équipements depuis la base NTL.
2026-03-27 00:29:43 [INFO] Données des services AD/DNS récupérées.
2026-03-27 00:29:46 [INFO] Export réussi : exports/diag_gen_20260327_002946.json
2026-03-27 00:29:48 [INFO] Récupération de 14 équipements depuis la base NTL.
2026-03-27 00:29:48 [INFO] Données des services AD/DNS récupérées.
2026-03-27 00:29:53 [INFO] Récupération de 14 équipements depuis la base NTL.
2026-03-27 00:29:53 [INFO] Données des services AD/DNS récupérées.
2026-03-27 00:31:35 [INFO] --- DÉMARRAGE NTL SYSTOOLBOX ---
2026-03-27 00:31:35 [INFO] Affichage du loading_screen...
2026-03-27 00:31:36 [INFO] loading_screen terminé avec succès.
2026-03-27 00:31:36 [INFO] Interface UI initialisée.
2026-03-27 00:31:36 [INFO] Ouverture du module de configuration des accès.
2026-03-27 00:32:00 [INFO] Configuration manuelle terminée avec succès.
2026-03-27 00:32:00 [INFO] Utilisateur authentifié. Accès Home.
2026-03-27 00:32:00 [INFO] Affichage du menu principal.
2026-03-27 00:32:02 [INFO] Lancement Module Diagnostic
2026-03-27 00:32:02 [INFO] Entrée dans le module Diagnostic.
2026-03-27 00:32:02 [INFO] Récupération de 14 équipements depuis la base NTL.
2026-03-27 00:32:02 [INFO] Données des services AD/DNS récupérées.
2026-03-27 00:32:07 [INFO] Récupération de 14 équipements depuis la base NTL.
2026-03-27 00:32:07 [INFO] Données des services AD/DNS récupérées.
2026-03-27 00:32:12 [INFO] Récupération de 14 équipements depuis la base NTL.
2026-03-27 00:32:12 [INFO] Données des services AD/DNS récupérées.
2026-03-27 00:32:17 [INFO] Récupération de 14 équipements depuis la base NTL.
2026-03-27 00:32:17 [INFO] Données des services AD/DNS récupérées.
2026-03-27 00:32:22 [INFO] Récupération de 14 équipements depuis la base NTL.
2026-03-27 00:32:22 [INFO] Données des services AD/DNS récupérées.
2026-03-27 00:32:27 [INFO] Récupération de 14 équipements depuis la base NTL.
2026-03-27 00:32:27 [INFO] Données des services AD/DNS récupérées.
2026-03-27 00:32:29 [INFO] Export réussi : exports/diag_gen_20260327_003229.json
2026-03-27 00:32:32 [INFO] Récupération de 14 équipements depuis la base NTL.
2026-03-27 00:32:32 [INFO] Données des services AD/DNS récupérées.
2026-03-27 00:32:34 [INFO] Export réussi : exports/diag_gen_20260327_003234.json
2026-03-27 00:32:37 [INFO] Récupération de 14 équipements depuis la base NTL.
2026-03-27 00:32:37 [INFO] Données des services AD/DNS récupérées.
2026-03-27 00:32:38 [INFO] Interruption manuelle (Ctrl+C).
2026-03-27 00:35:32 [INFO] --- DÉMARRAGE NTL SYSTOOLBOX ---
2026-03-27 00:35:32 [INFO] Affichage du loading_screen...
2026-03-27 00:35:33 [INFO] loading_screen terminé avec succès.
2026-03-27 00:35:33 [INFO] Interface UI initialisée.
2026-03-27 00:35:33 [INFO] Ouverture du module de configuration des accès.
2026-03-27 00:36:00 [INFO] Configuration manuelle terminée avec succès.
2026-03-27 00:36:00 [INFO] Utilisateur authentifié. Accès Home.
2026-03-27 00:36:00 [INFO] Affichage du menu principal.
2026-03-27 00:36:02 [INFO] Lancement Module Diagnostic
2026-03-27 00:36:02 [INFO] Entrée dans le module Diagnostic.
2026-03-27 00:36:02 [INFO] Récupération de 14 équipements depuis la base NTL.
2026-03-27 00:36:02 [INFO] Données des services AD/DNS récupérées.
2026-03-27 00:36:03 [INFO] Changement d'onglet : F2
2026-03-27 00:36:07 [INFO] Récupération de 14 équipements depuis la base NTL.
2026-03-27 00:36:07 [INFO] Données des services AD/DNS récupérées.
2026-03-27 00:36:12 [INFO] Récupération de 14 équipements depuis la base NTL.
2026-03-27 00:36:12 [INFO] Données des services AD/DNS récupérées.
2026-03-27 00:36:17 [INFO] Récupération de 14 équipements depuis la base NTL.
2026-03-27 00:36:17 [INFO] Données des services AD/DNS récupérées.
2026-03-27 00:36:17 [INFO] Changement d'onglet : F1
2026-03-27 00:36:17 [INFO] Changement d'onglet : F2
2026-03-27 00:36:22 [INFO] Récupération de 14 équipements depuis la base NTL.
2026-03-27 00:36:22 [INFO] Données des services AD/DNS récupérées.
2026-03-27 00:36:24 [INFO] Changement d'onglet : F1
2026-03-27 00:36:25 [INFO] Changement d'onglet : F2
2026-03-27 00:36:27 [INFO] Récupération de 14 équipements depuis la base NTL.
2026-03-27 00:36:27 [INFO] Données des services AD/DNS récupérées.
2026-03-27 00:36:28 [INFO] Changement d'onglet : F1
2026-03-27 00:36:32 [INFO] Récupération de 14 équipements depuis la base NTL.
2026-03-27 00:36:32 [INFO] Données des services AD/DNS récupérées.
2026-03-27 00:36:37 [INFO] Récupération de 14 équipements depuis la base NTL.
2026-03-27 00:36:37 [INFO] Données des services AD/DNS récupérées.
2026-03-27 00:36:42 [INFO] Récupération de 14 équipements depuis la base NTL.
2026-03-27 00:36:42 [INFO] Données des services AD/DNS récupérées.
2026-03-27 00:36:47 [INFO] Récupération de 14 équipements depuis la base NTL.
2026-03-27 00:36:47 [INFO] Données des services AD/DNS récupérées.
2026-03-27 00:36:52 [INFO] Récupération de 14 équipements depuis la base NTL.
2026-03-27 00:36:52 [INFO] Données des services AD/DNS récupérées.
2026-03-27 00:36:57 [INFO] Récupération de 14 équipements depuis la base NTL.
2026-03-27 00:36:57 [INFO] Données des services AD/DNS récupérées.
2026-03-27 00:37:02 [INFO] Récupération de 14 équipements depuis la base NTL.
2026-03-27 00:37:02 [INFO] Données des services AD/DNS récupérées.
2026-03-27 00:37:07 [INFO] Récupération de 14 équipements depuis la base NTL.
2026-03-27 00:37:07 [INFO] Données des services AD/DNS récupérées.
2026-03-27 00:37:12 [INFO] Récupération de 14 équipements depuis la base NTL.
2026-03-27 00:37:12 [INFO] Données des services AD/DNS récupérées.
2026-03-27 00:37:17 [INFO] Récupération de 14 équipements depuis la base NTL.
2026-03-27 00:37:17 [INFO] Données des services AD/DNS récupérées.
2026-03-27 00:37:22 [INFO] Récupération de 14 équipements depuis la base NTL.
2026-03-27 00:37:22 [INFO] Données des services AD/DNS récupérées.
2026-03-27 00:37:27 [INFO] Récupération de 14 équipements depuis la base NTL.
2026-03-27 00:37:27 [INFO] Données des services AD/DNS récupérées.
2026-03-27 00:37:32 [INFO] Récupération de 14 équipements depuis la base NTL.
2026-03-27 00:37:32 [INFO] Données des services AD/DNS récupérées.
2026-03-27 00:37:37 [INFO] Récupération de 14 équipements depuis la base NTL.
2026-03-27 00:37:37 [INFO] Données des services AD/DNS récupérées.
2026-03-27 00:37:42 [INFO] Récupération de 14 équipements depuis la base NTL.
2026-03-27 00:37:42 [INFO] Données des services AD/DNS récupérées.
2026-03-27 00:37:47 [INFO] Récupération de 14 équipements depuis la base NTL.
2026-03-27 00:37:47 [INFO] Données des services AD/DNS récupérées.
2026-03-27 00:37:52 [INFO] Récupération de 14 équipements depuis la base NTL.
2026-03-27 00:37:52 [INFO] Données des services AD/DNS récupérées.
2026-03-27 00:37:57 [INFO] Récupération de 14 équipements depuis la base NTL.
2026-03-27 00:37:57 [INFO] Données des services AD/DNS récupérées.
2026-03-27 00:38:02 [INFO] Récupération de 14 équipements depuis la base NTL.
2026-03-27 00:38:02 [INFO] Données des services AD/DNS récupérées.
2026-03-27 00:38:07 [INFO] Récupération de 14 équipements depuis la base NTL.
2026-03-27 00:38:07 [INFO] Données des services AD/DNS récupérées.
2026-03-27 00:38:12 [INFO] Récupération de 14 équipements depuis la base NTL.
2026-03-27 00:38:12 [INFO] Données des services AD/DNS récupérées.
2026-03-27 00:38:17 [INFO] Récupération de 14 équipements depuis la base NTL.
2026-03-27 00:38:17 [INFO] Données des services AD/DNS récupérées.
2026-03-27 00:38:22 [INFO] Récupération de 14 équipements depuis la base NTL.
2026-03-27 00:38:22 [INFO] Données des services AD/DNS récupérées.
2026-03-27 00:38:27 [INFO] Récupération de 14 équipements depuis la base NTL.
2026-03-27 00:38:27 [INFO] Données des services AD/DNS récupérées.
2026-03-27 00:38:32 [INFO] Récupération de 14 équipements depuis la base NTL.
2026-03-27 00:38:32 [INFO] Données des services AD/DNS récupérées.
2026-03-27 00:38:37 [INFO] Récupération de 14 équipements depuis la base NTL.
2026-03-27 00:38:37 [INFO] Données des services AD/DNS récupérées.
2026-03-27 00:38:42 [INFO] Récupération de 14 équipements depuis la base NTL.
2026-03-27 00:38:43 [INFO] Données des services AD/DNS récupérées.
2026-03-27 00:38:47 [INFO] Récupération de 14 équipements depuis la base NTL.
2026-03-27 00:38:48 [INFO] Données des services AD/DNS récupérées.
2026-03-27 00:38:53 [INFO] Récupération de 14 équipements depuis la base NTL.
2026-03-27 00:38:53 [INFO] Données des services AD/DNS récupérées.
2026-03-27 00:38:58 [INFO] Récupération de 14 équipements depuis la base NTL.
2026-03-27 00:38:58 [INFO] Données des services AD/DNS récupérées.
2026-03-27 00:38:59 [INFO] Interruption manuelle (Ctrl+C).
2026-03-27 00:39:29 [INFO] --- DÉMARRAGE NTL SYSTOOLBOX ---
2026-03-27 00:39:29 [INFO] Affichage du loading_screen...
2026-03-27 00:39:30 [INFO] loading_screen terminé avec succès.
2026-03-27 00:39:30 [INFO] Interface UI initialisée.
2026-03-27 00:39:30 [INFO] Ouverture du module de configuration des accès.
2026-03-27 00:39:51 [INFO] Configuration manuelle terminée avec succès.
2026-03-27 00:39:51 [INFO] Utilisateur authentifié. Accès Home.
2026-03-27 00:39:51 [INFO] Affichage du menu principal.
2026-03-27 00:39:52 [INFO] Lancement Module Diagnostic
2026-03-27 00:39:52 [INFO] Entrée dans le module Diagnostic.
2026-03-27 00:39:52 [INFO] Récupération de 14 équipements depuis la base NTL.
2026-03-27 00:39:52 [INFO] Données des services AD/DNS récupérées.
2026-03-27 00:39:55 [INFO] Changement d'onglet : F2
2026-03-27 00:39:57 [INFO] Récupération de 14 équipements depuis la base NTL.
2026-03-27 00:39:57 [INFO] Données des services AD/DNS récupérées.
2026-03-27 00:39:59 [INFO] Changement d'onglet : F1
2026-03-27 00:40:00 [INFO] Changement d'onglet : F2
2026-03-27 00:40:00 [INFO] Changement d'onglet : F1
2026-03-27 00:40:01 [INFO] Changement d'onglet : F2
2026-03-27 00:40:02 [INFO] Récupération de 14 équipements depuis la base NTL.
2026-03-27 00:40:02 [INFO] Données des services AD/DNS récupérées.
2026-03-27 00:40:06 [INFO] Changement d'onglet : F1
2026-03-27 00:40:06 [INFO] Changement d'onglet : F2
2026-03-27 00:40:06 [INFO] Changement d'onglet : F1
2026-03-27 00:40:06 [INFO] Changement d'onglet : F2
2026-03-27 00:40:06 [INFO] Changement d'onglet : F1
2026-03-27 00:40:07 [INFO] Changement d'onglet : F2
2026-03-27 00:40:07 [INFO] Changement d'onglet : F1
2026-03-27 00:40:07 [INFO] Changement d'onglet : F2
2026-03-27 00:40:07 [INFO] Changement d'onglet : F1
2026-03-27 00:40:07 [INFO] Changement d'onglet : F2
2026-03-27 00:40:07 [INFO] Changement d'onglet : F1
2026-03-27 00:40:07 [INFO] Changement d'onglet : F2
2026-03-27 00:40:07 [INFO] Changement d'onglet : F1
2026-03-27 00:40:07 [INFO] Récupération de 14 équipements depuis la base NTL.
2026-03-27 00:40:07 [INFO] Données des services AD/DNS récupérées.
2026-03-27 00:40:07 [INFO] Changement d'onglet : F2
2026-03-27 00:40:08 [INFO] Changement d'onglet : F1
2026-03-27 00:40:08 [INFO] Changement d'onglet : F2
2026-03-27 00:40:08 [INFO] Changement d'onglet : F1
2026-03-27 00:40:08 [INFO] Changement d'onglet : F2
2026-03-27 00:40:08 [INFO] Changement d'onglet : F1
2026-03-27 00:40:08 [INFO] Changement d'onglet : F2
2026-03-27 00:40:08 [INFO] Changement d'onglet : F1
2026-03-27 00:40:08 [INFO] Changement d'onglet : F2
2026-03-27 00:40:08 [INFO] Changement d'onglet : F1
2026-03-27 00:40:08 [INFO] Changement d'onglet : F2
2026-03-27 00:40:09 [INFO] Changement d'onglet : F1
2026-03-27 00:40:09 [INFO] Changement d'onglet : F2
2026-03-27 00:40:09 [INFO] Changement d'onglet : F1
2026-03-27 00:40:10 [INFO] Changement d'onglet : F2
2026-03-27 00:40:12 [INFO] Récupération de 14 équipements depuis la base NTL.
2026-03-27 00:40:13 [INFO] Données des services AD/DNS récupérées.
2026-03-27 00:40:18 [INFO] Récupération de 14 équipements depuis la base NTL.
2026-03-27 00:40:18 [INFO] Données des services AD/DNS récupérées.
2026-03-27 00:40:23 [INFO] Récupération de 14 équipements depuis la base NTL.
2026-03-27 00:40:23 [INFO] Données des services AD/DNS récupérées.
2026-03-27 00:40:28 [INFO] Récupération de 14 équipements depuis la base NTL.
2026-03-27 00:40:28 [INFO] Données des services AD/DNS récupérées.
2026-03-27 00:40:33 [INFO] Récupération de 14 équipements depuis la base NTL.
2026-03-27 00:40:33 [INFO] Données des services AD/DNS récupérées.
2026-03-27 00:40:38 [INFO] Récupération de 14 équipements depuis la base NTL.
2026-03-27 00:40:38 [INFO] Données des services AD/DNS récupérées.
2026-03-27 00:40:43 [INFO] Récupération de 14 équipements depuis la base NTL.
2026-03-27 00:40:43 [INFO] Données des services AD/DNS récupérées.
2026-03-27 00:40:48 [INFO] Récupération de 14 équipements depuis la base NTL.
2026-03-27 00:40:48 [INFO] Données des services AD/DNS récupérées.
2026-03-27 00:40:53 [INFO] Récupération de 14 équipements depuis la base NTL.
2026-03-27 00:40:53 [INFO] Données des services AD/DNS récupérées.
2026-03-27 00:40:58 [INFO] Récupération de 14 équipements depuis la base NTL.
2026-03-27 00:40:58 [INFO] Données des services AD/DNS récupérées.
2026-03-27 00:41:03 [INFO] Récupération de 14 équipements depuis la base NTL.
2026-03-27 00:41:03 [INFO] Données des services AD/DNS récupérées.
2026-03-27 00:41:08 [INFO] Récupération de 14 équipements depuis la base NTL.
2026-03-27 00:41:08 [INFO] Données des services AD/DNS récupérées.
2026-03-27 00:41:13 [INFO] Récupération de 14 équipements depuis la base NTL.
2026-03-27 00:41:13 [INFO] Données des services AD/DNS récupérées.
2026-03-27 00:41:18 [INFO] Récupération de 14 équipements depuis la base NTL.
2026-03-27 00:41:18 [INFO] Données des services AD/DNS récupérées.
2026-03-27 00:41:19 [INFO] Sortie du module Diagnostic vers Home.
2026-03-27 00:41:19 [INFO] Retour au menu principal depuis module 1
2026-03-27 00:41:29 [INFO] Lancement Module Sauvegarde
2026-03-27 00:44:24 [INFO] --- DÉMARRAGE NTL SYSTOOLBOX ---
2026-03-27 00:44:24 [INFO] Affichage du loading_screen...
2026-03-27 00:44:25 [INFO] loading_screen terminé avec succès.
2026-03-27 00:44:25 [INFO] Interface UI initialisée.
2026-03-27 00:44:25 [INFO] Ouverture du module de configuration des accès.
2026-03-27 00:44:47 [INFO] Configuration manuelle terminée avec succès.
2026-03-27 00:44:47 [INFO] Utilisateur authentifié. Accès Home.
2026-03-27 00:44:47 [INFO] Affichage du menu principal.
2026-03-27 00:44:49 [INFO] Lancement Module Sauvegarde
2026-03-27 00:44:59 [ERROR] Erreur dans le menu principal : cannot import name 'export_table_to_csv' from 'diagnostic.data_manager' (C:\Users\boula\Documents\MSPR\NTLSysToolboxGIT\MSPR1\diagnostic\data_manager.py)
2026-03-27 00:44:59 [INFO] Fermeture normale demandée par l'utilisateur.
2026-03-27 00:45:44 [INFO] --- DÉMARRAGE NTL SYSTOOLBOX ---
2026-03-27 00:45:44 [INFO] Affichage du loading_screen...
2026-03-27 00:45:45 [INFO] loading_screen terminé avec succès.
2026-03-27 00:45:45 [INFO] Interface UI initialisée.
2026-03-27 00:45:45 [INFO] Ouverture du module de configuration des accès.
2026-03-27 00:46:05 [INFO] Configuration manuelle terminée avec succès.
2026-03-27 00:46:05 [INFO] Utilisateur authentifié. Accès Home.
2026-03-27 00:46:05 [INFO] Affichage du menu principal.
2026-03-27 00:46:06 [INFO] Lancement Module Sauvegarde
2026-03-27 00:46:11 [ERROR] Erreur dans le menu principal : cannot import name 'export_table_to_csv' from 'diagnostic.data_manager' (C:\Users\boula\Documents\MSPR\NTLSysToolboxGIT\MSPR1\diagnostic\data_manager.py)
2026-03-27 00:46:11 [INFO] Fermeture normale demandée par l'utilisateur.
2026-03-27 00:48:10 [INFO] --- DÉMARRAGE NTL SYSTOOLBOX ---
2026-03-27 00:48:10 [INFO] Affichage du loading_screen...
2026-03-27 00:48:11 [INFO] loading_screen terminé avec succès.
2026-03-27 00:48:11 [INFO] Interface UI initialisée.
2026-03-27 00:48:11 [INFO] Ouverture du module de configuration des accès.
2026-03-27 00:48:42 [INFO] Configuration manuelle terminée avec succès.
2026-03-27 00:48:42 [INFO] Utilisateur authentifié. Accès Home.
2026-03-27 00:48:42 [INFO] Affichage du menu principal.
2026-03-27 00:48:44 [INFO] Lancement Module Sauvegarde
2026-03-27 00:50:09 [INFO] Debut Backup SQL : ntlsystools
2026-03-27 01:03:13 [INFO] Interruption manuelle (Ctrl+C).
2026-03-27 01:03:32 [INFO] --- DÉMARRAGE NTL SYSTOOLBOX ---
2026-03-27 01:03:32 [INFO] Affichage du loading_screen...
2026-03-27 01:03:33 [INFO] loading_screen terminé avec succès.
2026-03-27 01:03:33 [INFO] Interface UI initialisée.
2026-03-27 01:03:33 [INFO] Ouverture du module de configuration des accès.
2026-03-27 01:03:52 [INFO] Configuration manuelle terminée avec succès.
2026-03-27 01:03:52 [INFO] Utilisateur authentifié. Accès Home.
2026-03-27 01:03:52 [INFO] Affichage du menu principal.
2026-03-27 01:03:54 [INFO] Lancement Module Sauvegarde
2026-03-27 01:03:57 [INFO] Lancement Backup SQL complet de la base : ntlsystools
2026-03-27 01:03:57 [INFO] Backup SQL : Table 'tb_end_of_life' ignoree (vide).
2026-03-27 01:03:57 [INFO] Backup SQL termine avec succes : backups/sql/backup_ntlsystools_20260327_010357.sql
2026-03-27 01:04:01 [INFO] Debut export CSV table : tb_end_of_life
2026-03-27 01:04:01 [WARNING] Export CSV annule : La table 'tb_end_of_life' est vide.
2026-03-27 01:04:05 [INFO] Debut export CSV table : tb_equipements
2026-03-27 01:04:05 [INFO] Export CSV reussi : backups/csv/export_tb_equipements_20260327_010405.csv (14 lignes)
2026-03-27 01:04:07 [INFO] Debut export CSV table : tb_etat_services
2026-03-27 01:04:07 [INFO] Export CSV reussi : backups/csv/export_tb_etat_services_20260327_010407.csv (914 lignes)
2026-03-27 01:04:09 [INFO] Debut export CSV table : tb_os
2026-03-27 01:04:09 [INFO] Export CSV reussi : backups/csv/export_tb_os_20260327_010409.csv (4 lignes)
2026-03-27 01:04:11 [INFO] Debut export CSV table : tb_os
2026-03-27 01:04:11 [INFO] Export CSV reussi : backups/csv/export_tb_os_20260327_010411.csv (4 lignes)
2026-03-27 01:04:11 [INFO] Transfert NAS en cours : export_tb_os_20260327_010411.csv
2026-03-27 01:04:11 [INFO] Initialising connection, guid: a8480cdb-4d3c-4d42-8bb5-9684ea3c0eef, require_signing: True, server_name: , port: 445
2026-03-27 01:04:11 [INFO] Setting up transport connection
2026-03-27 01:04:11 [INFO] Connecting to DirectTcp socket
2026-03-27 01:04:11 [INFO] Starting negotiation with SMB server
2026-03-27 01:04:11 [INFO] Negotiating with SMB2 protocol with highest client dialect of: SMB_3_1_1
2026-03-27 01:04:11 [INFO] Sending SMB2 Negotiate message
2026-03-27 01:04:11 [INFO] Receiving SMB2 Negotiate response
2026-03-27 01:04:11 [INFO] Negotiated dialect: (785) SMB_3_1_1
2026-03-27 01:04:11 [INFO] Connection require signing: True
2026-03-27 01:04:11 [INFO] Initialising session with username: 
2026-03-27 01:04:11 [INFO] Sending SMB2_SESSION_SETUP request message
2026-03-27 01:04:11 [INFO] Receiving SMB2_SESSION_SETUP response message
2026-03-27 01:04:11 [INFO] More processing is required for SMB2_SESSION_SETUP
2026-03-27 01:04:11 [ERROR] Echec NAS : Failed to authenticate with server: SpnegoError (7): [WinError -2146893042] Aucune information d’identification n’est disponible dans le package de sécurité, Context: Processing security token
2026-03-27 01:04:14 [INFO] Debut export CSV table : tb_sites
2026-03-27 01:04:14 [INFO] Export CSV reussi : backups/csv/export_tb_sites_20260327_010414.csv (1 lignes)
2026-03-27 01:04:14 [INFO] Transfert NAS en cours : export_tb_sites_20260327_010414.csv
2026-03-27 01:04:14 [INFO] Initialising session with username: 
2026-03-27 01:04:14 [INFO] Sending SMB2_SESSION_SETUP request message
2026-03-27 01:04:14 [INFO] Receiving SMB2_SESSION_SETUP response message
2026-03-27 01:04:14 [INFO] More processing is required for SMB2_SESSION_SETUP
2026-03-27 01:04:14 [ERROR] Echec NAS : Failed to authenticate with server: SpnegoError (7): [WinError -2146893042] Aucune information d’identification n’est disponible dans le package de sécurité, Context: Processing security token
2026-03-27 01:04:55 [INFO] Retour au menu principal depuis module 2
2026-03-27 01:04:56 [INFO] Lancement Module Sauvegarde
2026-03-27 01:04:59 [INFO] Lancement Backup SQL complet de la base : wms_db
2026-03-27 01:04:59 [INFO] Backup SQL termine avec succes : backups/sql/backup_wms_db_20260327_010459.sql
2026-03-27 01:05:02 [INFO] Debut export CSV table : endoflife
2026-03-27 01:05:02 [INFO] Export CSV reussi : backups/csv/export_endoflife_20260327_010502.csv (3 lignes)
2026-03-27 01:05:03 [INFO] Debut export CSV table : equipements
2026-03-27 01:05:03 [INFO] Export CSV reussi : backups/csv/export_equipements_20260327_010503.csv (3 lignes)
2026-03-27 01:05:05 [INFO] Debut export CSV table : etatservices
2026-03-27 01:05:05 [INFO] Export CSV reussi : backups/csv/export_etatservices_20260327_010505.csv (3 lignes)
2026-03-27 01:05:06 [INFO] Debut export CSV table : sites
2026-03-27 01:05:06 [INFO] Export CSV reussi : backups/csv/export_sites_20260327_010506.csv (2 lignes)
2026-03-27 01:05:08 [INFO] Debut export CSV table : utilisationressources
2026-03-27 01:05:08 [INFO] Export CSV reussi : backups/csv/export_utilisationressources_20260327_010508.csv (3 lignes)
2026-03-27 01:05:09 [INFO] Retour au menu principal depuis module 2
2026-03-27 12:31:02 [INFO] --- DÉMARRAGE NTL SYSTOOLBOX ---
2026-03-27 12:31:02 [INFO] Affichage du loading_screen...
2026-03-27 12:31:03 [INFO] loading_screen terminé avec succès.
2026-03-27 12:31:03 [INFO] Interface UI initialisée.
2026-03-27 12:31:03 [INFO] Ouverture du module de configuration des accès.
2026-03-27 12:31:11 [INFO] Configuration chargée avec succès depuis C:\Users\boula\Downloads\FastPASS.txt
2026-03-27 12:31:12 [INFO] Utilisateur authentifié. Accès Home.
2026-03-27 12:31:12 [INFO] Affichage du menu principal.
2026-03-27 12:31:13 [INFO] Lancement Module Diagnostic
2026-03-27 12:31:13 [INFO] Entrée dans le module Diagnostic.
2026-03-27 12:31:16 [ERROR] Erreur SQL (get_db_data) : Can't connect to MySQL server on '192.168.1.138:3306' (10060) (Code: 2003)
2026-03-27 12:31:18 [WARNING] Santé NTL : ÉCHEC - 2003 (HY000): Can't connect to MySQL server on '19
2026-03-27 12:31:20 [WARNING] Santé Entreprise : ÉCHEC - 2003 (HY000): Can't connect to MySQL server on '19
2026-03-27 12:31:23 [ERROR] Erreur SQL (get_db_data) : Can't connect to MySQL server on '192.168.1.138:3306' (10060) (Code: 2003)
2026-03-27 12:31:25 [INFO] Interruption manuelle (Ctrl+C).
2026-03-27 12:37:58 [INFO] --- DÉMARRAGE NTL SYSTOOLBOX ---
2026-03-27 12:37:58 [INFO] Affichage du loading_screen...
2026-03-27 12:37:59 [INFO] loading_screen terminé avec succès.
2026-03-27 12:37:59 [INFO] Interface UI initialisée.
2026-03-27 12:37:59 [INFO] Ouverture du module de configuration des accès.
2026-03-27 12:38:13 [INFO] Configuration chargée avec succès depuis C:\Users\boula\Downloads\FastPASS.txt
2026-03-27 12:38:14 [INFO] Utilisateur authentifié. Accès Home.
2026-03-27 12:38:14 [INFO] Affichage du menu principal.
2026-03-27 12:38:16 [INFO] Lancement Module Audit
2026-03-27 12:39:03 [INFO] Interruption manuelle (Ctrl+C).
